true
true
true
true
List(Symbol(defn), Symbol(square), List(Symbol(n)), List(Symbol(*), Symbol(n), Symbol(n)))
List(Symbol(println), List(Symbol(square), Number(2)))
Number(2)
Number(1)
Symbol(foo)
Symbol(foo)
Number(4)
Number(4)
Lambda(environment, [n], [List(Symbol(*), Symbol(n), Symbol(n))])
Lambda(environment, [n], [List(Symbol(*), Symbol(n), Symbol(n))])
Number(1)
Number(1)
Number(2)
Number(2)
Number(16)
Number(16)
Function(Println)
Function(Println)
Function(Println)
Number(3)
Number(3)
Number(3)
Number(3)
Number(3)
n not found
Number(4)
Number(1)
Number(1)
Number(9)
True
True
False
False
True
False
True
False
False
Symbol(worked)
Symbol(worked)
Symbol(worked)
Symbol(worked)
Symbol(worked)
Symbol(worked)
Number(0)
Number(1)
Number(2)
Number(3)
Number(4)
Number(5)
Number(6)
Number(7)
Number(8)
Number(9)
Number(10)
Symbol(worked)
